C51 COMPILER V9.60.7.0   ADC_BATTERY                                                       05/08/2026 19:19:28 PAGE 1   


C51 COMPILER V9.60.7.0, COMPILATION OF MODULE ADC_BATTERY
OBJECT MODULE PLACED IN .\Objects\ADC Battery.obj
COMPILER INVOKED BY: C:\Users\lishuo\AppData\Local\Keil_v5\C51\BIN\C51.EXE ADC&Battery.c LARGE OMF2 OPTIMIZE(7,SPEED) BR
                    -OWSE INCDIR(..\..\C51) DEBUG PRINT(.\Listings\ADC Battery.lst) OBJECT(.\Objects\ADC Battery.obj)

line level    source

   1          #include "STC8H.H"
   2          #include "main.h"
   3          #define BGV_Channel 0X0F//ADC 15通道带隙电压
   4          static volatile uint16_t BGV = 1100;//防止读取失败，保底值(long变量是因为后面计算乘1000会超过int限制)
   5          volatile uint16_t vbat = 3700;
   6          void BAT_Handler(uint16_t BatVol);
   7          volatile uint8_t BAT_Status = BAT_FULL;//其实这个变量基本没用
   8          static uint16_t ADC_Sampling(unsigned char channel){
   9   1          uint16_t A;
  10   1          ADC_CONTR = 0X80 | (channel & 0X0F);//切换ADC通道
  11   1          ADC_CONTR |= 0x40;       // 启动ADC转换
  12   1          _nop_(); _nop_(); _nop_(); _nop_(); // 短暂延时
  13   1          while (!(ADC_CONTR & 0x20)); // 等待转换完成
  14   1          ADC_CONTR &= ~0x20;      // 清除完成标志
  15   1          A = (ADC_RES << 8) | ADC_RESL; // 合并高8位和低8位
  16   1          return A;
  17   1      }
  18          static uint16_t BGV_Read(){
  19   1          return *(uint16_t xdata *)0xFDE7;
  20   1      }
  21          static uint16_t Code_Per_Volt(void){//计算ADC毫伏每码值
  22   1          uint16_t A,B;
  23   1          A = ADC_Sampling(BGV_Channel);
  24   1          if(BGV == 1100){//只读1次
  25   2              BGV = BGV_Read();
  26   2              Serial_Printstr("BGV Read:");
  27   2              Serial_Printnum(BGV);
  28   2              Serial_Printstrln("mV");
  29   2          }
  30   1          //计算BGV/RESULT_BGV即可得到ADC的毫伏每码比值
  31   1          if(A > 0){//防止ADC无回报
  32   2              B = (1000UL * BGV / A);//乘以1000防止丢失小数部分
  33   2          }//bgv为1190左右的值，x1000后超过16位，因此BGV为ULONG
  34   1          return B;
  35   1      }
  36          void VBAT_CAL(void){//计算电池电压，单位毫伏
  37   1          //30ms定时器中调用，每300ms更新一次电池电压
  38   1          static int8_t k = -1;//初始为位-1，因为if前置自增
  39   1          uint8_t i,j;//冒泡排序所需
  40   1          uint16_t temp = 0;//冒泡排序缓存
  41   1          static uint32_t vbat_Buffer [10] = {0};//32位数组
  42   1          uint16_t vbat_raw = ((4096UL * Code_Per_Volt()) / 1000UL);//除以1000
  43   1          if(++k >= 10){//前置自增
  44   2              k = -1;//t前置自增，t=9的下一次调用为10，数组正好填满0~9,总共10位
  45   2              //进行冒泡排序（升序）
  46   2              for (j = 0; j < 9; j++) {
  47   3                  for (i = 0; i < 9 - j; i++) {
  48   4                      if (vbat_Buffer[i] > vbat_Buffer[i + 1]) {
  49   5                          temp = vbat_Buffer[i];
  50   5                          vbat_Buffer[i] = vbat_Buffer[i + 1];
  51   5                          vbat_Buffer[i + 1] = temp;
  52   5                      }
  53   4              }//32位数组，运算过程中间值也是32位的
  54   3              }//取中间四位，求平均
C51 COMPILER V9.60.7.0   ADC_BATTERY                                                       05/08/2026 19:19:28 PAGE 2   

  55   2              vbat = (vbat_Buffer[3] + vbat_Buffer[4] +vbat_Buffer[5] + vbat_Buffer[6])/4;//求平均
  56   2              //不需要清零buffer，下次采样自动覆写
  57   2              BAT_Handler(vbat);//调用比较函数，判断电量
  58   2          }
  59   1          else{
  60   2              vbat_Buffer[k] = vbat_raw;}//将电压存入数组
  61   1      }
  62          
  63          static void BAT_Handler(uint16_t BatVol){//判断电池电量状态，无迟滞
  64   1          if(BatVol >= 4000){
  65   2              BAT_Status = BAT_FULL;}
  66   1          else if(BatVol >= 3800){
  67   2              BAT_Status = BAT_HIGH;}
  68   1          else if(BatVol >= 3600){
  69   2              BAT_Status = BAT_MEDIUM;}
  70   1          else if(BatVol >= 3400){
  71   2              BAT_Status = BAT_LOW;}
  72   1          else if(BatVol >= 3000){
  73   2              BAT_Status = BAT_CRITICAL;}
  74   1          else if(BatVol >= 2750){
  75   2              BAT_Status = BAT_DRAINED;}
  76   1          else if(BatVol <2750){
  77   2              BAT_Status = BAT_DEAD;
  78   2              poweron = 0;//进入睡眠(不需要延时来闪烁了)
  79   2          }
  80   1      }


MODULE INFORMATION:   STATIC OVERLAYABLE
   CODE SIZE        =    734    ----
   CONSTANT SIZE    =     13    ----
   XDATA SIZE       =     46      10
   PDATA SIZE       =   ----    ----
   DATA SIZE        =   ----    ----
   IDATA SIZE       =   ----    ----
   BIT SIZE         =   ----    ----
   EDATA SIZE       =   ----    ----
   HDATA SIZE       =   ----    ----
   XDATA CONST SIZE =   ----    ----
   FAR CONST SIZE   =   ----    ----
END OF MODULE INFORMATION.


C51 COMPILATION COMPLETE.  0 WARNING(S),  0 ERROR(S)
