C51 COMPILER V9.60.7.0   EERPOM                                                            05/08/2026 19:19:29 PAGE 1   


C51 COMPILER V9.60.7.0, COMPILATION OF MODULE EERPOM
OBJECT MODULE PLACED IN .\Objects\EERPOM.obj
COMPILER INVOKED BY: C:\Users\lishuo\AppData\Local\Keil_v5\C51\BIN\C51.EXE EERPOM.c LARGE OMF2 OPTIMIZE(7,SPEED) BROWSE 
                    -INCDIR(..\..\C51) DEBUG PRINT(.\Listings\EERPOM.lst) OBJECT(.\Objects\EERPOM.obj)

line level    source

   1          #include "STC8H.H"
   2          #include "main.h"
   3          
   4          static void IAP_OPERATE(unsigned int addr){//IAP操作集成，每次EEPROM操作都需要调用这个
   5   1          IAP_TPS = 0X18;//24MHZ下，24
   6   1          IAP_CONTR = 0X80;//使能eeprom操作
   7   1          IAP_ADDRL =addr;//取低8位
   8   1          IAP_ADDRH =addr >> 8;//取高8位
   9   1          IAP_TRIG = 0X5A;
  10   1          IAP_TRIG = 0XA5;//写完触发命令后，CPU会进入IDLE，读完才会恢复
  11   1          _nop_();_nop_();_nop_();_nop_();
  12   1      }
  13          static void IAP_IDLE(){//IAP关闭
  14   1          IAP_CONTR = 0X00;
  15   1          IAP_CMD = 0X00;
  16   1          IAP_TRIG = 0X00;
  17   1          IAP_ADDRH = 0X80;
  18   1          IAP_ADDRL = 0X00;
  19   1          IAP_DATA = 0X00;
  20   1      }
  21          static void EEPROM_ERASE(unsigned int addr){//擦除EEPROM
  22   1          IAP_CMD = 0X03;//擦除命令
  23   1          IAP_OPERATE(addr);
  24   1          IAP_IDLE();
  25   1      }
  26          static void EEPROM_WRITE(unsigned int addr,unsigned char A){//IAP_DATA是一个八位寄存器
  27   1          //EEPROM_ERASE(addr);//先擦除
  28   1          IAP_DATA = A;//将计数器值存储在eeprom数据寄存器中
  29   1          IAP_CMD = 0X02;//写命令
  30   1          IAP_OPERATE(addr);
  31   1          IAP_IDLE();
  32   1      }
  33          static uint8_t EEPROM_READ(unsigned int addr){
  34   1          unsigned char A;
  35   1          IAP_CMD = 0X01;//EEPROM读命令
  36   1          IAP_OPERATE(addr);
  37   1          A = IAP_DATA;
  38   1          IAP_IDLE();
  39   1          return A;
  40   1      }
  41          //该函数要求存的两个参数地址必须连续
  42          void Save_Set_To_EEPROM(uint16_t addr,uint16_t Set1,uint16_t Set2){//向EEPROM保存电压设置值
  43   1          uint16_t addr1_H = addr;//一个地址只能存8bits
  44   1          uint16_t addr1_L = addr + 1;
  45   1          uint8_t Set1_H = Set1 >> 8;//右移八位，取Set高八位
  46   1          uint8_t Set1_L = Set1;//自动截断高八位
  47   1          uint16_t addr2_H = addr + 2;//一个地址只能存8bits
  48   1          uint16_t addr2_L = addr + 3;
  49   1          uint8_t Set2_H = Set2 >> 8;//右移八位，取Set高八位
  50   1          uint8_t Set2_L = Set2;//自动截断高八位
  51   1          EEPROM_ERASE(addr);//先擦除
  52   1          EEPROM_WRITE(addr1_H,Set1_H);
  53   1          EEPROM_WRITE(addr1_L,Set1_L);
  54   1          EEPROM_WRITE(addr2_H,Set2_H);
C51 COMPILER V9.60.7.0   EERPOM                                                            05/08/2026 19:19:29 PAGE 2   

  55   1          EEPROM_WRITE(addr2_L,Set2_L);
  56   1      }
  57          uint16_t Read_Set_From_EEPROM(uint16_t addr){
  58   1          uint16_t addr_H = addr;//一个地址只能存8bits
  59   1          uint16_t addr_L = addr + 1;
  60   1          return (((uint16_t)EEPROM_READ(addr_H) << 8) | EEPROM_READ(addr_L));
  61   1      }


MODULE INFORMATION:   STATIC OVERLAYABLE
   CODE SIZE        =    235    ----
   CONSTANT SIZE    =   ----    ----
   XDATA SIZE       =   ----      12
   PDATA SIZE       =   ----    ----
   DATA SIZE        =   ----    ----
   IDATA SIZE       =   ----    ----
   BIT SIZE         =   ----    ----
   EDATA SIZE       =   ----    ----
   HDATA SIZE       =   ----    ----
   XDATA CONST SIZE =   ----    ----
   FAR CONST SIZE   =   ----    ----
END OF MODULE INFORMATION.


C51 COMPILATION COMPLETE.  0 WARNING(S),  0 ERROR(S)
